// Jest Snapshot v1, https://goo.gl/fbAQLP

exports[`Renderer.vue renders correctly 1`] = `
"<svg width=\\"100%\\" height=\\"100%\\" viewBox=\\"0 0 120 140\\" version=\\"1.1\\" xmlns=\\"http://www.w3.org/2000/svg\\" xmlns:xlink=\\"http://www.w3.org/1999/xlink\\" preserveAspectRatio=\\"xMidYMid meet\\">
  <g transform=\\"translate(60, 80)\\" fill=\\"none\\" stroke=\\"rgba(0, 0, 0, 0.87)\\" stroke-width=\\"1\\">
    <rect id=\\"background\\" x=\\"0\\" y=\\"0\\" width=\\"0\\" height=\\"0\\" fill=\\"white\\" stroke=\\"none\\"></rect>
    <g id=\\"x-axis\\">
      <g>
        <line x1=\\"0\\" y1=\\"0\\" x2=\\"0\\" y2=\\"-10\\" stroke-width=\\"1\\" vector-effect=\\"non-scaling-stroke\\"></line> <text x=\\"0\\" y=\\"-14\\" fill=\\"rgba(0, 0, 0, 0.87)\\" stroke=\\"none\\" font-size=\\"12\\" dominant-baseline=\\"baseline\\" text-anchor=\\"middle\\">0</text>
      </g>
    </g>
    <g id=\\"y-axis\\">
      <g>
        <line x1=\\"0\\" y1=\\"0\\" x2=\\"-10\\" y2=\\"0\\" stroke-width=\\"1\\" vector-effect=\\"non-scaling-stroke\\"></line> <text x=\\"-16\\" y=\\"0\\" fill=\\"rgba(0, 0, 0, 0.87)\\" stroke=\\"none\\" font-size=\\"12\\" dominant-baseline=\\"middle\\" text-anchor=\\"end\\">0</text>
      </g>
    </g>
  </g>
  <g transform=\\"translate(60, 80)\\">
    <g id=\\"0\\" transform=\\"matrix(1, 0, 0, 1, 0, 0)\\">
      <!---->
    </g>
  </g>
</svg>"
`;
