// Jest Snapshot v1, https://goo.gl/fbAQLP

exports[`Renderer.vue renders correctly 1`] = `"<rect id=\\"0\\" x=\\"0\\" y=\\"0\\" width=\\"0\\" height=\\"0\\" transform=\\"matrix(1, 0, 0, 1, 0, 0)\\" fill=\\"none\\" stroke=\\"#000\\" stroke-width=\\"1\\" vector-effect=\\"non-scaling-stroke\\"></rect>"`;
